[12/4/2026, 12:44:53 a. m.] [SEARCH_QUERY] Admin: 127389451428075@lid -> Target: DeluxePeru_bot | Info: Consulta: /dni 45454545
[12/4/2026, 12:45:28 a. m.] [ROLE_CHANGE] Admin: 80848497983529@lid -> Target: 127389451428075@lid | Info: Cambió rango a SELLER
[12/4/2026, 1:34:02 a. m.] [SEARCH_QUERY] Admin: 127389451428075@lid -> Target: DeluxePeru_bot | Info: Consulta: /agv 70719655
[12/4/2026, 1:35:51 a. m.] [SEARCH_QUERY] Admin: 127389451428075@lid -> Target: DeluxePeru_bot | Info: Consulta: /c4i 74130078
[12/4/2026, 6:42:04 a. m.] [ROLE_CHANGE] Admin: 127389451428075@lid -> Target: 223266090262684@lid | Info: Activó como CLIENTE
[12/4/2026, 6:42:19 a. m.] [COINS_ADD] Admin: 127389451428075@lid -> Target: 223266090262684@lid | Info: Añadió 4 monedas. Nuevo saldo: 4
[12/4/2026, 6:47:15 a. m.] [SEARCH_QUERY] Admin: 223266090262684@lid -> Target: DeluxePeru_bot | Info: Consulta: /dniv 40109978
[12/4/2026, 6:48:33 a. m.] [SEARCH_QUERY] Admin: 127389451428075@lid -> Target: DeluxePeru_bot | Info: Consulta: /dni 40109978
[12/4/2026, 6:49:37 a. m.] [SEARCH_QUERY] Admin: 127389451428075@lid -> Target: DeluxePeru_bot | Info: Consulta: /seeker 40109978
[12/4/2026, 6:50:39 a. m.] [SEARCH_QUERY] Admin: 127389451428075@lid -> Target: DeluxePeru_bot | Info: Consulta: /antpol 40109978
[12/4/2026, 6:52:56 a. m.] [SEARCH_QUERY] Admin: 127389451428075@lid -> Target: DeluxePeru_bot | Info: Consulta: /c4a 40109978
[12/4/2026, 7:45:49 p. m.] [SEARCH_QUERY] Admin: 127389451428075@lid -> Target: DeluxePeru_bot | Info: Consulta: /dni 40712972
[12/4/2026, 7:52:02 p. m.] [SEARCH_QUERY] Admin: 127389451428075@lid -> Target: DeluxePeru_bot | Info: Consulta: /c4a 40712972
[12/4/2026, 8:11:40 p. m.] [SEARCH_QUERY] Admin: 214555812708371@lid -> Target: DeluxePeru_bot | Info: Consulta: /dni 73364016
[13/4/2026, 12:31:37 p. m.] [SEARCH_QUERY] Admin: 127389451428075@lid -> Target: DeluxePeru_bot | Info: Consulta: /fono 986328852
[13/4/2026, 12:31:58 p. m.] [SEARCH_QUERY] Admin: 127389451428075@lid -> Target: DeluxePeru_bot | Info: Consulta: /c4a 80926583
[13/4/2026, 1:11:21 p. m.] [SEARCH_QUERY] Admin: 127389451428075@lid -> Target: DeluxePeru_bot | Info: Consulta: /c4a 45508990
[13/4/2026, 1:11:32 p. m.] [SEARCH_QUERY] Admin: 127389451428075@lid -> Target: DeluxePeru_bot | Info: Consulta: /dni 45508990
[13/4/2026, 2:07:45 p. m.] [SEARCH_QUERY] Admin: 127389451428075@lid -> Target: DeluxePeru_bot | Info: Consulta: /dni 74130078
[13/4/2026, 2:56:32 p. m.] [SEARCH_QUERY] Admin: 127389451428075@lid -> Target: DeluxePeru_bot | Info: Consulta: /dni 42787911
[13/4/2026, 2:59:56 p. m.] [SEARCH_QUERY] Admin: 127389451428075@lid -> Target: DeluxePeru_bot | Info: Consulta: /placa bbn566
[13/4/2026, 4:11:21 p. m.] [SEARCH_QUERY] Admin: 127389451428075@lid -> Target: DeluxePeru_bot | Info: Consulta: /dni 71216069
[13/4/2026, 4:11:53 p. m.] [SEARCH_QUERY] Admin: 127389451428075@lid -> Target: DeluxePeru_bot | Info: Consulta: /dni 71216069
[13/4/2026, 4:24:11 p. m.] [SEARCH_QUERY] Admin: 127389451428075@lid -> Target: DeluxePeru_bot | Info: Consulta: /agv 71216069
[13/4/2026, 5:20:28 p. m.] [SEARCH_QUERY] Admin: 127389451428075@lid -> Target: DeluxePeru_bot | Info: Consulta: /dni 47405090
[13/4/2026, 5:28:12 p. m.] [SEARCH_QUERY] Admin: 127389451428075@lid -> Target: DeluxePeru_bot | Info: Consulta: /rq 07312957
[13/4/2026, 5:29:48 p. m.] [SEARCH_QUERY] Admin: 127389451428075@lid -> Target: DeluxePeru_bot | Info: Consulta: /denuncias 07312957
[13/4/2026, 6:14:38 p. m.] [SEARCH_QUERY] Admin: 214555812708371@lid -> Target: DeluxePeru_bot | Info: Consulta: /dni 07312957
[13/4/2026, 6:26:38 p. m.] [SEARCH_QUERY] Admin: 127389451428075@lid -> Target: DeluxePeru_bot | Info: Consulta: /c4a 75504997
[13/4/2026, 6:27:47 p. m.] [SEARCH_QUERY] Admin: 127389451428075@lid -> Target: DeluxePeru_bot | Info: Consulta: /c4i 75504997
[13/4/2026, 6:28:18 p. m.] [SEARCH_QUERY] Admin: 127389451428075@lid -> Target: DeluxePeru_bot | Info: Consulta: /dni 75504997
[13/4/2026, 6:28:41 p. m.] [SEARCH_QUERY] Admin: 127389451428075@lid -> Target: DeluxePeru_bot | Info: Consulta: /dni 75504997
[13/4/2026, 6:29:50 p. m.] [SEARCH_QUERY] Admin: 214555812708371@lid -> Target: DeluxePeru_bot | Info: Consulta: /dni 75504997
[13/4/2026, 6:42:07 p. m.] [SEARCH_QUERY] Admin: 127389451428075@lid -> Target: DeluxePeru_bot | Info: Consulta: /dni 74885150
[13/4/2026, 7:44:53 p. m.] [SEARCH_QUERY] Admin: 127389451428075@lid -> Target: DeluxePeru_bot | Info: Consulta: /dni 71508434
[13/4/2026, 8:13:56 p. m.] [ROLE_CHANGE] Admin: 127389451428075@lid -> Target: 268641832562824@lid | Info: Activó como CLIENTE
[13/4/2026, 8:14:22 p. m.] [COINS_ADD] Admin: 127389451428075@lid -> Target: 268641832562824@lid | Info: Añadió 5 monedas. Nuevo saldo: 5
[13/4/2026, 8:23:43 p. m.] [ROLE_CHANGE] Admin: 214555812708371@lid -> Target: 59554234634371@lid | Info: Activó como CLIENTE
[13/4/2026, 8:24:00 p. m.] [COINS_ADD] Admin: 214555812708371@lid -> Target: 59554234634371@lid | Info: Añadió 10 monedas. Nuevo saldo: 10
[13/4/2026, 10:33:47 p. m.] [SEARCH_QUERY] Admin: 127389451428075@lid -> Target: DeluxePeru_bot | Info: Consulta: /c4a 61084123
[14/4/2026, 7:31:40 a. m.] [SEARCH_QUERY] Admin: 214555812708371@lid -> Target: DeluxePeru_bot | Info: Consulta: /fono 954160013
[14/4/2026, 7:32:04 a. m.] [SEARCH_QUERY] Admin: 214555812708371@lid -> Target: DeluxePeru_bot | Info: Consulta: /dni 08156001
[14/4/2026, 8:45:25 a. m.] [SEARCH_QUERY] Admin: 214555812708371@lid -> Target: DeluxePeru_bot | Info: Consulta: /c4a 72114176
[14/4/2026, 8:55:56 a. m.] [SEARCH_QUERY] Admin: 80848497983529@lid -> Target: DeluxePeru_bot | Info: Consulta: /fono 916195736
[14/4/2026, 10:38:22 a. m.] [SEARCH_QUERY] Admin: 127389451428075@lid -> Target: DeluxePeru_bot | Info: Consulta: /fono 923668520
[14/4/2026, 10:38:34 a. m.] [SEARCH_QUERY] Admin: 127389451428075@lid -> Target: DeluxePeru_bot | Info: Consulta: /dni 74880811
[14/4/2026, 12:12:13 p. m.] [SEARCH_QUERY] Admin: 127389451428075@lid -> Target: DeluxePeru_bot | Info: Consulta: /dni 76038926
[14/4/2026, 2:07:38 p. m.] [ROLE_CHANGE] Admin: 214555812708371@lid -> Target: 110145006747702@lid | Info: Activó como CLIENTE
[14/4/2026, 2:08:44 p. m.] [COINS_ADD] Admin: 127389451428075@lid -> Target: 110145006747702@lid | Info: Añadió 15 monedas. Nuevo saldo: 15
[14/4/2026, 2:30:58 p. m.] [SEARCH_QUERY] Admin: 127389451428075@lid -> Target: DeluxePeru_bot | Info: Consulta: /dni 47448025
[14/4/2026, 3:01:00 p. m.] [SEARCH_QUERY] Admin: 110145006747702@lid -> Target: DeluxePeru_bot | Info: Consulta: /dni [46804618]
[14/4/2026, 3:08:27 p. m.] [SEARCH_QUERY] Admin: 110145006747702@lid -> Target: DeluxePeru_bot | Info: Consulta: /dni 46804618
[14/4/2026, 5:20:54 p. m.] [SEARCH_QUERY] Admin: 110145006747702@lid -> Target: DeluxePeru_bot | Info: Consulta: /fono 939989237
[14/4/2026, 5:48:34 p. m.] [SEARCH_QUERY] Admin: 80848497983529@lid -> Target: DeluxePeru_bot | Info: Consulta: /fono 993111656
[14/4/2026, 7:49:27 p. m.] [SEARCH_QUERY] Admin: 110145006747702@lid -> Target: DeluxePeru_bot | Info: Consulta: /nm saul llempen caceres
[14/4/2026, 7:49:27 p. m.] [SEARCH_QUERY] Admin: 214555812708371@lid -> Target: DeluxePeru_bot | Info: Consulta: /fono 999916884
[14/4/2026, 7:50:47 p. m.] [SEARCH_QUERY] Admin: 214555812708371@lid -> Target: DeluxePeru_bot | Info: Consulta: /fono 999916884
[14/4/2026, 7:55:37 p. m.] [SEARCH_QUERY] Admin: 110145006747702@lid -> Target: DeluxePeru_bot | Info: Consulta: /nm saul|lempen|caceres
[14/4/2026, 7:57:06 p. m.] [SEARCH_QUERY] Admin: 110145006747702@lid -> Target: DeluxePeru_bot | Info: Consulta: /nm saul|lempen|diaz
[14/4/2026, 7:57:51 p. m.] [SEARCH_QUERY] Admin: 110145006747702@lid -> Target: DeluxePeru_bot | Info: Consulta: /nm saul|llempen|caceres
[14/4/2026, 8:04:03 p. m.] [SEARCH_QUERY] Admin: 110145006747702@lid -> Target: DeluxePeru_bot | Info: Consulta: /dni 16665629
[14/4/2026, 8:05:10 p. m.] [SEARCH_QUERY] Admin: 110145006747702@lid -> Target: DeluxePeru_bot | Info: Consulta: /dni 27848118
[14/4/2026, 8:32:24 p. m.] [SEARCH_QUERY] Admin: 110145006747702@lid -> Target: DeluxePeru_bot | Info: Consulta: /rq 16793075
[14/4/2026, 8:38:04 p. m.] [SEARCH_QUERY] Admin: 110145006747702@lid -> Target: DeluxePeru_bot | Info: Consulta: /rq 16793075
[14/4/2026, 8:51:29 p. m.] [SEARCH_QUERY] Admin: 170308925394951@lid -> Target: DeluxePeru_bot | Info: Consulta: /fono 958938383
[14/4/2026, 8:58:54 p. m.] [SEARCH_QUERY] Admin: 110145006747702@lid -> Target: DeluxePeru_bot | Info: Consulta: /fiscapdf 16793075
[14/4/2026, 9:00:07 p. m.] [SEARCH_QUERY] Admin: 110145006747702@lid -> Target: DeluxePeru_bot | Info: Consulta: /antpen 16793075
[14/4/2026, 9:08:10 p. m.] [SEARCH_QUERY] Admin: 214555812708371@lid -> Target: DeluxePeru_bot | Info: Consulta: /fono 900347661
[14/4/2026, 9:11:32 p. m.] [SEARCH_QUERY] Admin: 214555812708371@lid -> Target: DeluxePeru_bot | Info: Consulta: /dni 41565049
[14/4/2026, 9:53:26 p. m.] [SEARCH_QUERY] Admin: 110145006747702@lid -> Target: DeluxePeru_bot | Info: Consulta: /rq 16793075
[14/4/2026, 9:57:38 p. m.] [ROLE_CHANGE] Admin: 214555812708371@lid -> Target: 78409342431272@lid | Info: Activó como CLIENTE
[14/4/2026, 9:58:02 p. m.] [COINS_ADD] Admin: 214555812708371@lid -> Target: 78409342431272@lid | Info: Añadió 5 monedas. Nuevo saldo: 5
[14/4/2026, 9:59:53 p. m.] [SEARCH_QUERY] Admin: 78409342431272@lid -> Target: DeluxePeru_bot | Info: Consulta: /rq 75739517
[14/4/2026, 10:01:33 p. m.] [SEARCH_QUERY] Admin: 78409342431272@lid -> Target: DeluxePeru_bot | Info: Consulta: /rq 75739517
[14/4/2026, 10:04:52 p. m.] [SEARCH_QUERY] Admin: 78409342431272@lid -> Target: DeluxePeru_bot | Info: Consulta: /agv 75739517
[14/4/2026, 10:05:24 p. m.] [SEARCH_QUERY] Admin: 78409342431272@lid -> Target: DeluxePeru_bot | Info: Consulta: /agv 75739517
[14/4/2026, 10:08:54 p. m.] [SEARCH_QUERY] Admin: 78409342431272@lid -> Target: DeluxePeru_bot | Info: Consulta: /agv 75551967
[14/4/2026, 10:10:48 p. m.] [SEARCH_QUERY] Admin: 78409342431272@lid -> Target: DeluxePeru_bot | Info: Consulta: /agv 75551967
[14/4/2026, 10:26:44 p. m.] [SEARCH_QUERY] Admin: 110145006747702@lid -> Target: DeluxePeru_bot | Info: Consulta: /fono 920411482
[14/4/2026, 10:27:23 p. m.] [SEARCH_QUERY] Admin: 110145006747702@lid -> Target: DeluxePeru_bot | Info: Consulta: /dni 71960033
[14/4/2026, 10:42:09 p. m.] [SEARCH_QUERY] Admin: 110145006747702@lid -> Target: DeluxePeru_bot | Info: Consulta: /dni 71960033
[15/4/2026, 7:01:27 a. m.] [SEARCH_QUERY] Admin: 127389451428075@lid -> Target: DeluxePeru_bot | Info: Consulta: /nm yarica|alejos|toribio
[15/4/2026, 10:19:31 a. m.] [SEARCH_QUERY] Admin: 78409342431272@lid -> Target: DeluxePeru_bot | Info: Consulta: /nm Valeria Ortega Prado
[15/4/2026, 10:22:27 a. m.] [SEARCH_QUERY] Admin: 78409342431272@lid -> Target: DeluxePeru_bot | Info: Consulta: /nm Valeria|Ortega|Prado
[15/4/2026, 12:09:54 p. m.] [SEARCH_QUERY] Admin: 80848497983529@lid -> Target: DeluxePeru_bot | Info: Consulta: /fono 907565876
[15/4/2026, 12:27:42 p. m.] [ROLE_CHANGE] Admin: 80848497983529@lid -> Target: 66847441440990@lid | Info: Activó como CLIENTE
[15/4/2026, 12:28:05 p. m.] [COINS_ADD] Admin: 80848497983529@lid -> Target: 66847441440990@lid | Info: Añadió 9999 monedas. Nuevo saldo: 9999
[15/4/2026, 12:28:17 p. m.] [ROLE_CHANGE] Admin: 80848497983529@lid -> Target: 150333133160615@lid | Info: Activó como CLIENTE
[15/4/2026, 12:28:46 p. m.] [COINS_ADD] Admin: 80848497983529@lid -> Target: 150333133160615@lid | Info: Añadió 9999 monedas. Nuevo saldo: 9999
[15/4/2026, 12:29:40 p. m.] [SEARCH_QUERY] Admin: 80848497983529@lid -> Target: DeluxePeru_bot | Info: Consulta: /fono 907565876
[15/4/2026, 12:29:53 p. m.] [SEARCH_QUERY] Admin: 80848497983529@lid -> Target: DeluxePeru_bot | Info: Consulta: /dni 43514574
[15/4/2026, 12:55:51 p. m.] [SEARCH_QUERY] Admin: 127389451428075@lid -> Target: DeluxePeru_bot | Info: Consulta: /consumos 44443333
[15/4/2026, 1:27:47 p. m.] [SEARCH_QUERY] Admin: 127389451428075@lid -> Target: DeluxePeru_bot | Info: Consulta: /antpol 44443333
[15/4/2026, 1:56:51 p. m.] [SEARCH_QUERY] Admin: 80848497983529@lid -> Target: DeluxePeru_bot | Info: Consulta: /fono 927781493
[15/4/2026, 2:12:05 p. m.] [SEARCH_QUERY] Admin: 214555812708371@lid -> Target: DeluxePeru_bot | Info: Consulta: /dniv 44445555
[15/4/2026, 2:13:05 p. m.] [SEARCH_QUERY] Admin: 214555812708371@lid -> Target: DeluxePeru_bot | Info: Consulta: /dni 06843701
[15/4/2026, 2:20:15 p. m.] [SEARCH_QUERY] Admin: 214555812708371@lid -> Target: DeluxePeru_bot | Info: Consulta: /tels 06843701
[15/4/2026, 2:20:35 p. m.] [SEARCH_QUERY] Admin: 214555812708371@lid -> Target: DeluxePeru_bot | Info: Consulta: /c4a 06843701
[15/4/2026, 2:41:17 p. m.] [SEARCH_QUERY] Admin: 214555812708371@lid -> Target: DeluxePeru_bot | Info: Consulta: /fono 948585488
[15/4/2026, 2:41:41 p. m.] [SEARCH_QUERY] Admin: 214555812708371@lid -> Target: DeluxePeru_bot | Info: Consulta: /sbspdf 06843701
[15/4/2026, 2:42:55 p. m.] [SEARCH_QUERY] Admin: 214555812708371@lid -> Target: DeluxePeru_bot | Info: Consulta: /fono 948585488
[15/4/2026, 2:43:17 p. m.] [SEARCH_QUERY] Admin: 214555812708371@lid -> Target: DeluxePeru_bot | Info: Consulta: /c4a 06843701
[15/4/2026, 2:46:19 p. m.] [SEARCH_QUERY] Admin: 78409342431272@lid -> Target: DeluxePeru_bot | Info: Consulta: /c4a 70606845
[15/4/2026, 2:50:19 p. m.] [SEARCH_QUERY] Admin: 127389451428075@lid -> Target: DeluxePeru_bot | Info: Consulta: /nm Wilmer|rivera|cristobal
[15/4/2026, 2:52:38 p. m.] [SEARCH_QUERY] Admin: 127389451428075@lid -> Target: DeluxePeru_bot | Info: Consulta: /dni 45576498
[15/4/2026, 2:56:53 p. m.] [SEARCH_QUERY] Admin: 110145006747702@lid -> Target: DeluxePeru_bot | Info: Consulta: /c4a 27848118
[15/4/2026, 3:09:39 p. m.] [SEARCH_QUERY] Admin: 127389451428075@lid -> Target: DeluxePeru_bot | Info: Consulta: /c4a 45454545
[15/4/2026, 3:26:35 p. m.] [SEARCH_QUERY] Admin: 80848497983529@lid -> Target: DeluxePeru_bot | Info: Consulta: /fono 907885074
[15/4/2026, 3:37:42 p. m.] [ROLE_CHANGE] Admin: 127389451428075@lid -> Target: 8323713741017@lid | Info: Activó como CLIENTE
[15/4/2026, 3:38:20 p. m.] [COINS_ADD] Admin: 127389451428075@lid -> Target: 8323713741017@lid | Info: Añadió 22 monedas. Nuevo saldo: 22
[15/4/2026, 3:43:29 p. m.] [SEARCH_QUERY] Admin: 8323713741017@lid -> Target: DeluxePeru_bot | Info: Consulta: /fono 934106235
[15/4/2026, 3:45:07 p. m.] [SEARCH_QUERY] Admin: 8323713741017@lid -> Target: DeluxePeru_bot | Info: Consulta: /dni 16684170
[15/4/2026, 3:47:33 p. m.] [ROLE_CHANGE] Admin: 127389451428075@lid -> Target: 18529176780964@lid | Info: Activó como CLIENTE
[15/4/2026, 3:48:01 p. m.] [COINS_ADD] Admin: 127389451428075@lid -> Target: 18529176780964@lid | Info: Añadió 6 monedas. Nuevo saldo: 6
[15/4/2026, 3:54:03 p. m.] [SEARCH_QUERY] Admin: 18529176780964@lid -> Target: DeluxePeru_bot | Info: Consulta: /fono 993042853
[15/4/2026, 3:56:53 p. m.] [SEARCH_QUERY] Admin: 18529176780964@lid -> Target: DeluxePeru_bot | Info: Consulta: /fono 994905602
[15/4/2026, 4:03:39 p. m.] [SEARCH_QUERY] Admin: 18529176780964@lid -> Target: DeluxePeru_bot | Info: Consulta: /fono ‪+51 936 825 505
[15/4/2026, 4:04:25 p. m.] [SEARCH_QUERY] Admin: 18529176780964@lid -> Target: DeluxePeru_bot | Info: Consulta: /fono 936825505
[15/4/2026, 4:05:33 p. m.] [SEARCH_QUERY] Admin: 18529176780964@lid -> Target: DeluxePeru_bot | Info: Consulta: /fono 936825505
[15/4/2026, 4:07:38 p. m.] [SEARCH_QUERY] Admin: 127389451428075@lid -> Target: DeluxePeru_bot | Info: Consulta: /nm maycol|Enriquez|
[15/4/2026, 4:12:13 p. m.] [SEARCH_QUERY] Admin: 127389451428075@lid -> Target: DeluxePeru_bot | Info: Consulta: /denuncias 44443333
[15/4/2026, 4:13:10 p. m.] [SEARCH_QUERY] Admin: 127389451428075@lid -> Target: DeluxePeru_bot | Info: Consulta: /rq 70280485
[15/4/2026, 4:18:27 p. m.] [SEARCH_QUERY] Admin: 127389451428075@lid -> Target: DeluxePeru_bot | Info: Consulta: /dni 70280485
[15/4/2026, 4:24:19 p. m.] [SEARCH_QUERY] Admin: 18529176780964@lid -> Target: DeluxePeru_bot | Info: Consulta: /fono 947275896
[15/4/2026, 4:35:20 p. m.] [COINS_ADD] Admin: 214555812708371@lid -> Target: 78409342431272@lid | Info: Añadió 6 monedas. Nuevo saldo: 6
[15/4/2026, 4:37:06 p. m.] [SEARCH_QUERY] Admin: 78409342431272@lid -> Target: DeluxePeru_bot | Info: Consulta: /dniv 40196011
[15/4/2026, 5:03:57 p. m.] [ROLE_CHANGE] Admin: 127389451428075@lid -> Target: 248584519839896@lid | Info: Activó como CLIENTE
[15/4/2026, 5:04:21 p. m.] [COINS_ADD] Admin: 127389451428075@lid -> Target: 248584519839896@lid | Info: Añadió 10 monedas. Nuevo saldo: 10
[15/4/2026, 5:20:31 p. m.] [SEARCH_QUERY] Admin: 78409342431272@lid -> Target: DeluxePeru_bot | Info: Consulta: /dniv 70606845
[15/4/2026, 5:22:47 p. m.] [SEARCH_QUERY] Admin: 78409342431272@lid -> Target: DeluxePeru_bot | Info: Consulta: /dniva 70606845
[15/4/2026, 5:23:57 p. m.] [SEARCH_QUERY] Admin: 78409342431272@lid -> Target: DeluxePeru_bot | Info: Consulta: /actana 70606845
[15/4/2026, 5:26:15 p. m.] [SEARCH_QUERY] Admin: 78409342431272@lid -> Target: DeluxePeru_bot | Info: Consulta: /propipdf 70606845
[15/4/2026, 5:27:17 p. m.] [SEARCH_QUERY] Admin: 78409342431272@lid -> Target: DeluxePeru_bot | Info: Consulta: /meta 70606845
[15/4/2026, 5:35:35 p. m.] [SEARCH_QUERY] Admin: 80848497983529@lid -> Target: DeluxePeru_bot | Info: Consulta: /tels 77195558
[15/4/2026, 5:47:05 p. m.] [SEARCH_QUERY] Admin: 127389451428075@lid -> Target: DeluxePeru_bot | Info: Consulta: /nm adrian|flores|anchante
[15/4/2026, 5:48:33 p. m.] [SEARCH_QUERY] Admin: 127389451428075@lid -> Target: DeluxePeru_bot | Info: Consulta: /tels 71875095
[15/4/2026, 6:17:33 p. m.] [SEARCH_QUERY] Admin: 127389451428075@lid -> Target: DeluxePeru_bot | Info: Consulta: /fono 967655601
[15/4/2026, 6:17:48 p. m.] [SEARCH_QUERY] Admin: 127389451428075@lid -> Target: DeluxePeru_bot | Info: Consulta: /dni 76528622
[15/4/2026, 8:28:22 p. m.] [SEARCH_QUERY] Admin: 214555812708371@lid -> Target: DeluxePeru_bot | Info: Consulta: /fono 910397014
[15/4/2026, 8:29:37 p. m.] [SEARCH_QUERY] Admin: 214555812708371@lid -> Target: DeluxePeru_bot | Info: Consulta: /fono 953409693
[15/4/2026, 8:29:57 p. m.] [SEARCH_QUERY] Admin: 214555812708371@lid -> Target: DeluxePeru_bot | Info: Consulta: /dni 75005922
[15/4/2026, 9:24:54 p. m.] [SEARCH_QUERY] Admin: 66847441440990@lid -> Target: DeluxePeru_bot | Info: Consulta: /fono 907939656
[15/4/2026, 9:25:45 p. m.] [SEARCH_QUERY] Admin: 66847441440990@lid -> Target: DeluxePeru_bot | Info: Consulta: /fono 907939656
[15/4/2026, 10:05:14 p. m.] [SEARCH_QUERY] Admin: 18529176780964@lid -> Target: DeluxePeru_bot | Info: Consulta: /denuncias 47860828
[15/4/2026, 10:06:18 p. m.] [SEARCH_QUERY] Admin: 18529176780964@lid -> Target: DeluxePeru_bot | Info: Consulta: /denuncias 47888053
[15/4/2026, 10:26:21 p. m.] [SEARCH_QUERY] Admin: 80848497983529@lid -> Target: DeluxePeru_bot | Info: Consulta: /dni 70547417
[16/4/2026, 8:07:44 a. m.] [SEARCH_QUERY] Admin: 66847441440990@lid -> Target: DeluxePeru_bot | Info: Consulta: /dni 90080935
[16/4/2026, 8:08:36 a. m.] [SEARCH_QUERY] Admin: 66847441440990@lid -> Target: DeluxePeru_bot | Info: Consulta: /fono 907939656
[16/4/2026, 8:13:34 a. m.] [SEARCH_QUERY] Admin: 110145006747702@lid -> Target: DeluxePeru_bot | Info: Consulta: /fiscapdf 16793075
[16/4/2026, 8:27:41 a. m.] [SEARCH_QUERY] Admin: 110145006747702@lid -> Target: DeluxePeru_bot | Info: Consulta: /rq 16793075
[16/4/2026, 8:28:32 a. m.] [SEARCH_QUERY] Admin: 110145006747702@lid -> Target: DeluxePeru_bot | Info: Consulta: /rq 16793075
[16/4/2026, 8:29:19 a. m.] [SEARCH_QUERY] Admin: 110145006747702@lid -> Target: DeluxePeru_bot | Info: Consulta: /rq 16793075
[16/4/2026, 8:29:59 a. m.] [SEARCH_QUERY] Admin: 110145006747702@lid -> Target: DeluxePeru_bot | Info: Consulta: /rq 16793075
[16/4/2026, 8:30:55 a. m.] [SEARCH_QUERY] Admin: 110145006747702@lid -> Target: DeluxePeru_bot | Info: Consulta: /rq 45054489
[16/4/2026, 8:32:02 a. m.] [SEARCH_QUERY] Admin: 110145006747702@lid -> Target: DeluxePeru_bot | Info: Consulta: /fiscapdf 45054489
[16/4/2026, 8:33:45 a. m.] [SEARCH_QUERY] Admin: 110145006747702@lid -> Target: DeluxePeru_bot | Info: Consulta: /fiscapdf 16793075
[16/4/2026, 8:53:35 a. m.] [SEARCH_QUERY] Admin: 127389451428075@lid -> Target: DeluxePeru_bot | Info: Consulta: /dni 76384451
[16/4/2026, 8:59:03 a. m.] [SEARCH_QUERY] Admin: 110145006747702@lid -> Target: DeluxePeru_bot | Info: Consulta: /rq 16793075
[16/4/2026, 9:06:50 a. m.] [SEARCH_QUERY] Admin: 110145006747702@lid -> Target: DeluxePeru_bot | Info: Consulta: /fiscapdf 16636805
[16/4/2026, 9:07:32 a. m.] [SEARCH_QUERY] Admin: 110145006747702@lid -> Target: DeluxePeru_bot | Info: Consulta: /fiscapdf 16636805
[16/4/2026, 9:18:40 a. m.] [SEARCH_QUERY] Admin: 127389451428075@lid -> Target: DeluxePeru_bot | Info: Consulta: /sentinel 73491433
[16/4/2026, 10:30:08 a. m.] [SEARCH_QUERY] Admin: 127389451428075@lid -> Target: DeluxePeru_bot | Info: Consulta: /nm jose|reinoso|velasquez
[16/4/2026, 10:50:34 a. m.] [SEARCH_QUERY] Admin: 66847441440990@lid -> Target: DeluxePeru_bot | Info: Consulta: /dni 48416609
[16/4/2026, 12:21:45 p. m.] [SEARCH_QUERY] Admin: 223266090262684@lid -> Target: DeluxePeru_bot | Info: Consulta: /fono 925212301
[16/4/2026, 12:23:18 p. m.] [SEARCH_QUERY] Admin: 223266090262684@lid -> Target: DeluxePeru_bot | Info: Consulta: /dni `01049149`
[16/4/2026, 12:23:30 p. m.] [SEARCH_QUERY] Admin: 223266090262684@lid -> Target: DeluxePeru_bot | Info: Consulta: /dni 01049149
[16/4/2026, 12:24:07 p. m.] [SEARCH_QUERY] Admin: 223266090262684@lid -> Target: DeluxePeru_bot | Info: Consulta: /tels 01049149
[16/4/2026, 12:26:41 p. m.] [ROLE_CHANGE] Admin: 127389451428075@lid -> Target: 223266090262684@lid | Info: Cambió rango a SELLER
[16/4/2026, 12:26:58 p. m.] [COINS_ADD] Admin: 127389451428075@lid -> Target: 223266090262684@lid | Info: Añadió 9999 monedas. Nuevo saldo: 9999
[16/4/2026, 12:27:17 p. m.] [SEARCH_QUERY] Admin: 223266090262684@lid -> Target: DeluxePeru_bot | Info: Consulta: /nm VICENTE|RAMOS|RUIS
[16/4/2026, 12:28:58 p. m.] [SEARCH_QUERY] Admin: 223266090262684@lid -> Target: DeluxePeru_bot | Info: Consulta: /c4a 01049149
[16/4/2026, 12:29:31 p. m.] [SEARCH_QUERY] Admin: 223266090262684@lid -> Target: DeluxePeru_bot | Info: Consulta: /c4a 01043592
[16/4/2026, 1:19:26 p. m.] [SEARCH_QUERY] Admin: 127389451428075@lid -> Target: DeluxePeru_bot | Info: Consulta: /fono 995553656
[16/4/2026, 2:50:33 p. m.] [SEARCH_QUERY] Admin: 66847441440990@lid -> Target: DeluxePeru_bot | Info: Consulta: /dni 74503636
[16/4/2026, 2:50:56 p. m.] [SEARCH_QUERY] Admin: 66847441440990@lid -> Target: DeluxePeru_bot | Info: Consulta: /fono 940957115
[16/4/2026, 3:20:29 p. m.] [SEARCH_QUERY] Admin: 8323713741017@lid -> Target: DeluxePeru_bot | Info: Consulta: /fono 936868646
[16/4/2026, 3:21:08 p. m.] [SEARCH_QUERY] Admin: 8323713741017@lid -> Target: DeluxePeru_bot | Info: Consulta: /dni 72326198
[16/4/2026, 3:22:15 p. m.] [SEARCH_QUERY] Admin: 8323713741017@lid -> Target: DeluxePeru_bot | Info: Consulta: /fono 955221095
[16/4/2026, 3:22:36 p. m.] [SEARCH_QUERY] Admin: 8323713741017@lid -> Target: DeluxePeru_bot | Info: Consulta: /dni 42021008
[16/4/2026, 3:41:39 p. m.] [SEARCH_QUERY] Admin: 80848497983529@lid -> Target: DeluxePeru_bot | Info: Consulta: /fono 951974744
[16/4/2026, 4:07:25 p. m.] [SEARCH_QUERY] Admin: 80848497983529@lid -> Target: DeluxePeru_bot | Info: Consulta: /fono 941066680
[16/4/2026, 4:21:22 p. m.] [SEARCH_QUERY] Admin: 223266090262684@lid -> Target: DeluxePeru_bot | Info: Consulta: /fono 928839714
[16/4/2026, 4:22:07 p. m.] [SEARCH_QUERY] Admin: 223266090262684@lid -> Target: DeluxePeru_bot | Info: Consulta: /fono 928839714
[16/4/2026, 4:29:44 p. m.] [SEARCH_QUERY] Admin: 127389451428075@lid -> Target: DeluxePeru_bot | Info: Consulta: /meta 60310354
[16/4/2026, 5:07:50 p. m.] [SEARCH_QUERY] Admin: 127389451428075@lid -> Target: DeluxePeru_bot | Info: Consulta: /c4a 75991139
[16/4/2026, 6:48:57 p. m.] [SEARCH_QUERY] Admin: 66847441440990@lid -> Target: DeluxePeru_bot | Info: Consulta: /fono 949669754
[16/4/2026, 7:13:26 p. m.] [SEARCH_QUERY] Admin: 223266090262684@lid -> Target: DeluxePeru_bot | Info: Consulta: /fono 916014072
[16/4/2026, 7:13:36 p. m.] [SEARCH_QUERY] Admin: 223266090262684@lid -> Target: DeluxePeru_bot | Info: Consulta: /fono 916014072
[16/4/2026, 10:08:19 p. m.] [SEARCH_QUERY] Admin: 127389451428075@lid -> Target: DeluxePeru_bot | Info: Consulta: /dniv 80289797
[16/4/2026, 10:14:15 p. m.] [ROLE_CHANGE] Admin: 127389451428075@lid -> Target: 34402738413789@lid | Info: Activó como CLIENTE
[16/4/2026, 10:14:29 p. m.] [COINS_ADD] Admin: 127389451428075@lid -> Target: 34402738413789@lid | Info: Añadió 5 monedas. Nuevo saldo: 5
[16/4/2026, 10:16:02 p. m.] [SEARCH_QUERY] Admin: 34402738413789@lid -> Target: DeluxePeru_bot | Info: Consulta: /dniv 80289797
[16/4/2026, 10:40:13 p. m.] [ROLE_CHANGE] Admin: 214555812708371@lid -> Target: 225112523550924@lid | Info: Activó como CLIENTE
[16/4/2026, 10:40:24 p. m.] [COINS_ADD] Admin: 214555812708371@lid -> Target: 225112523550924@lid | Info: Añadió 5 monedas. Nuevo saldo: 5
[16/4/2026, 10:52:17 p. m.] [SEARCH_QUERY] Admin: 127389451428075@lid -> Target: DeluxePeru_bot | Info: Consulta: /yape Jose Pa*|50|yape
[16/4/2026, 10:53:18 p. m.] [SEARCH_QUERY] Admin: 127389451428075@lid -> Target: DeluxePeru_bot | Info: Consulta: /yape Jose Pa*|50|949020433|yape
[16/4/2026, 10:55:22 p. m.] [SEARCH_QUERY] Admin: 127389451428075@lid -> Target: DeluxePeru_bot | Info: Consulta: /yape Jose Pa*|50|949020433|yape
[16/4/2026, 10:56:17 p. m.] [SEARCH_QUERY] Admin: 127389451428075@lid -> Target: DeluxePeru_bot | Info: Consulta: /yape Joe Pa*|50.50|949020433|yape
[16/4/2026, 10:58:19 p. m.] [SEARCH_QUERY] Admin: 127389451428075@lid -> Target: DeluxePeru_bot | Info: Consulta: /bcp jose reyes|500|5374
[16/4/2026, 11:00:02 p. m.] [SEARCH_QUERY] Admin: 127389451428075@lid -> Target: DeluxePeru_bot | Info: Consulta: /bcp jose reyes|500|5374
[16/4/2026, 11:00:32 p. m.] [SEARCH_QUERY] Admin: 127389451428075@lid -> Target: DeluxePeru_bot | Info: Consulta: /yape Jose Pa*|50|949020433|yape
[16/4/2026, 11:17:44 p. m.] [SEARCH_QUERY] Admin: 170308925394951@lid -> Target: DeluxePeru_bot | Info: Consulta: /fono 900317820
[16/4/2026, 11:21:44 p. m.] [SEARCH_QUERY] Admin: 127389451428075@lid -> Target: DeluxePeru_bot | Info: Consulta: /bcp jose reyes|500|5374
[16/4/2026, 11:22:15 p. m.] [SEARCH_QUERY] Admin: 127389451428075@lid -> Target: DeluxePeru_bot | Info: Consulta: /yape Jose Pa*|50|949020433|yape
[16/4/2026, 11:23:09 p. m.] [SEARCH_QUERY] Admin: 127389451428075@lid -> Target: DeluxePeru_bot | Info: Consulta: /implaca abc124
[16/4/2026, 11:24:14 p. m.] [SEARCH_QUERY] Admin: 127389451428075@lid -> Target: DeluxePeru_bot | Info: Consulta: /tels 44443333
[17/4/2026, 8:47:09 a. m.] [SEARCH_QUERY] Admin: 78409342431272@lid -> Target: DeluxePeru_bot | Info: Consulta: /antjud 29624214
[17/4/2026, 8:52:44 a. m.] [COINS_ADD] Admin: 214555812708371@lid -> Target: 78409342431272@lid | Info: Añadió 2 monedas. Nuevo saldo: 2
[17/4/2026, 8:53:10 a. m.] [COINS_ADD] Admin: 214555812708371@lid -> Target: 78409342431272@lid | Info: Añadió 3 monedas. Nuevo saldo: 5
[17/4/2026, 8:54:09 a. m.] [SEARCH_QUERY] Admin: 78409342431272@lid -> Target: DeluxePeru_bot | Info: Consulta: /antpol 29624214
[17/4/2026, 8:58:55 a. m.] [SEARCH_QUERY] Admin: 78409342431272@lid -> Target: DeluxePeru_bot | Info: Consulta: /antpen 29624214
[17/4/2026, 9:01:34 a. m.] [SEARCH_QUERY] Admin: 78409342431272@lid -> Target: DeluxePeru_bot | Info: Consulta: /antjud 03697481
[17/4/2026, 9:03:10 a. m.] [SEARCH_QUERY] Admin: 78409342431272@lid -> Target: DeluxePeru_bot | Info: Consulta: /antpol 03697481
[17/4/2026, 9:09:28 a. m.] [SEARCH_QUERY] Admin: 78409342431272@lid -> Target: DeluxePeru_bot | Info: Consulta: /denuncias 03697481
[17/4/2026, 9:10:45 a. m.] [SEARCH_QUERY] Admin: 80848497983529@lid -> Target: DeluxePeru_bot | Info: Consulta: /fono 983822735
[17/4/2026, 9:29:58 a. m.] [SEARCH_QUERY] Admin: 80848497983529@lid -> Target: DeluxePeru_bot | Info: Consulta: /fono 900871606
[17/4/2026, 9:32:43 a. m.] [SEARCH_QUERY] Admin: 80848497983529@lid -> Target: DeluxePeru_bot | Info: Consulta: /yape Jose Pa*|50|949020433|yape
[17/4/2026, 10:17:37 a. m.] [SEARCH_QUERY] Admin: 214555812708371@lid -> Target: DeluxePeru_bot | Info: Consulta: /fono 944058940
[17/4/2026, 10:17:54 a. m.] [SEARCH_QUERY] Admin: 214555812708371@lid -> Target: DeluxePeru_bot | Info: Consulta: /dni 45780657
[17/4/2026, 11:23:40 a. m.] [SEARCH_QUERY] Admin: 80848497983529@lid -> Target: DeluxePeru_bot | Info: Consulta: /fono 959679264
[17/4/2026, 11:25:15 a. m.] [SEARCH_QUERY] Admin: 80848497983529@lid -> Target: DeluxePeru_bot | Info: Consulta: /dni 47932469
[17/4/2026, 11:28:18 a. m.] [SEARCH_QUERY] Admin: 80848497983529@lid -> Target: DeluxePeru_bot | Info: Consulta: /dni 16016499
[17/4/2026, 11:40:28 a. m.] [SEARCH_QUERY] Admin: 80848497983529@lid -> Target: DeluxePeru_bot | Info: Consulta: /tels 18184357
[17/4/2026, 11:40:39 a. m.] [SEARCH_QUERY] Admin: 80848497983529@lid -> Target: DeluxePeru_bot | Info: Consulta: /tels 17940730
[17/4/2026, 12:58:52 p. m.] [SEARCH_QUERY] Admin: 127389451428075@lid -> Target: DeluxePeru_bot | Info: Consulta: /dni 74303867
[17/4/2026, 1:01:59 p. m.] [SEARCH_QUERY] Admin: 214555812708371@lid -> Target: DeluxePeru_bot | Info: Consulta: /yape Jose Pa*|50|949020433|yape
[17/4/2026, 2:52:32 p. m.] [SEARCH_QUERY] Admin: 127389451428075@lid -> Target: DeluxePeru_bot | Info: Consulta: /fono 996744475
[17/4/2026, 2:53:55 p. m.] [SEARCH_QUERY] Admin: 127389451428075@lid -> Target: DeluxePeru_bot | Info: Consulta: /dni 75052242
[17/4/2026, 3:38:30 p. m.] [SEARCH_QUERY] Admin: 80848497983529@lid -> Target: DeluxePeru_bot | Info: Consulta: /tels 75332790
[17/4/2026, 6:01:25 p. m.] [COINS_ADD] Admin: 214555812708371@lid -> Target: 78409342431272@lid | Info: Añadió 10 monedas. Nuevo saldo: 10
[17/4/2026, 6:02:34 p. m.] [SEARCH_QUERY] Admin: 78409342431272@lid -> Target: DeluxePeru_bot | Info: Consulta: /fono 918736056
[17/4/2026, 6:04:35 p. m.] [SEARCH_QUERY] Admin: 78409342431272@lid -> Target: DeluxePeru_bot | Info: Consulta: /agv 80624998
[17/4/2026, 6:12:14 p. m.] [SEARCH_QUERY] Admin: 78409342431272@lid -> Target: DeluxePeru_bot | Info: Consulta: /meta 80624998
[17/4/2026, 6:14:20 p. m.] [SEARCH_QUERY] Admin: 78409342431272@lid -> Target: DeluxePeru_bot | Info: Consulta: /denuncias 80624998
[17/4/2026, 6:52:39 p. m.] [SEARCH_QUERY] Admin: 214555812708371@lid -> Target: DeluxePeru_bot | Info: Consulta: /dni 44443333
[17/4/2026, 6:58:31 p. m.] [SEARCH_QUERY] Admin: 214555812708371@lid -> Target: DeluxePeru_bot | Info: Consulta: /yape Jose Pa*|50|949020433|yape
[17/4/2026, 6:59:05 p. m.] [SEARCH_QUERY] Admin: 214555812708371@lid -> Target: DeluxePeru_bot | Info: Consulta: /bcp jose reyes|500|5374
[17/4/2026, 7:00:41 p. m.] [SEARCH_QUERY] Admin: 214555812708371@lid -> Target: DeluxePeru_bot | Info: Consulta: /yape Jose Pa*|100|900871606|yape
[17/4/2026, 9:31:31 p. m.] [SEARCH_QUERY] Admin: 214555812708371@lid -> Target: DeluxePeru_bot | Info: Consulta: /fono 938320880
[17/4/2026, 9:32:07 p. m.] [SEARCH_QUERY] Admin: 214555812708371@lid -> Target: DeluxePeru_bot | Info: Consulta: /fono 938320880
[17/4/2026, 9:50:27 p. m.] [SEARCH_QUERY] Admin: 214555812708371@lid -> Target: DeluxePeru_bot | Info: Consulta: /dni 75797986
[17/4/2026, 11:09:45 p. m.] [ROLE_CHANGE] Admin: 214555812708371@lid -> Target: 71043540611255@lid | Info: Activó como CLIENTE
[17/4/2026, 11:11:18 p. m.] [COINS_ADD] Admin: 214555812708371@lid -> Target: 71043540611255@lid | Info: Añadió 6 monedas. Nuevo saldo: 6
[17/4/2026, 11:24:52 p. m.] [SEARCH_QUERY] Admin: 127389451428075@lid -> Target: DeluxePeru_bot | Info: Consulta: /yape Jose Pa*|150|928755873|yape
[17/4/2026, 11:36:43 p. m.] [SEARCH_QUERY] Admin: 214555812708371@lid -> Target: DeluxePeru_bot | Info: Consulta: /dni 72591348
[17/4/2026, 11:46:37 p. m.] [SEARCH_QUERY] Admin: 214555812708371@lid -> Target: DeluxePeru_bot | Info: Consulta: /dni 48942197
[18/4/2026, 6:35:12 a. m.] [SEARCH_QUERY] Admin: 127389451428075@lid -> Target: DeluxePeru_bot | Info: Consulta: /dni 42127593
[18/4/2026, 6:35:53 a. m.] [SEARCH_QUERY] Admin: 127389451428075@lid -> Target: DeluxePeru_bot | Info: Consulta: /dni 42732998
[18/4/2026, 8:56:41 a. m.] [ROLE_CHANGE] Admin: 127389451428075@lid -> Target: 66228899082250@lid | Info: Activó como CLIENTE
[18/4/2026, 8:57:11 a. m.] [COINS_ADD] Admin: 127389451428075@lid -> Target: 66228899082250@lid | Info: Añadió 10 monedas. Nuevo saldo: 10
[18/4/2026, 8:58:53 a. m.] [SEARCH_QUERY] Admin: 66847441440990@lid -> Target: DeluxePeru_bot | Info: Consulta: /fono 961572779
[18/4/2026, 9:10:50 a. m.] [SEARCH_QUERY] Admin: 66228899082250@lid -> Target: DeluxePeru_bot | Info: Consulta: /yape Jose Gabriel Velazquez|150000|3794297363|yape
[18/4/2026, 9:15:17 a. m.] [SEARCH_QUERY] Admin: 127389451428075@lid -> Target: DeluxePeru_bot | Info: Consulta: /bcp Jose Gabriel Velazquez|15000.50|8653
[18/4/2026, 9:53:12 a. m.] [SEARCH_QUERY] Admin: 80848497983529@lid -> Target: DeluxePeru_bot | Info: Consulta: /rq 47044949
[18/4/2026, 1:49:02 p. m.] [SEARCH_QUERY] Admin: 8323713741017@lid -> Target: DeluxePeru_bot | Info: Consulta: /denuncias 47254130
[18/4/2026, 1:50:49 p. m.] [SEARCH_QUERY] Admin: 8323713741017@lid -> Target: DeluxePeru_bot | Info: Consulta: /fiscapdf 47254130
[18/4/2026, 3:54:27 p. m.] [SEARCH_QUERY] Admin: 80848497983529@lid -> Target: DeluxePeru_bot | Info: Consulta: /dni 75275854
[18/4/2026, 3:55:39 p. m.] [SEARCH_QUERY] Admin: 80848497983529@lid -> Target: DeluxePeru_bot | Info: Consulta: /fono 931519954
[18/4/2026, 3:56:17 p. m.] [SEARCH_QUERY] Admin: 80848497983529@lid -> Target: DeluxePeru_bot | Info: Consulta: /fono 938320880
[18/4/2026, 3:56:56 p. m.] [SEARCH_QUERY] Admin: 80848497983529@lid -> Target: DeluxePeru_bot | Info: Consulta: /tels 44443333
[18/4/2026, 4:29:34 p. m.] [SEARCH_QUERY] Admin: 127389451428075@lid -> Target: DeluxePeru_bot | Info: Consulta: /facial
[18/4/2026, 4:52:01 p. m.] [SEARCH_QUERY] Admin: 127389451428075@lid -> Target: DeluxePeru_bot | Info: Consulta: /facial
[18/4/2026, 4:54:30 p. m.] [SEARCH_QUERY] Admin: 127389451428075@lid -> Target: DeluxePeru_bot | Info: Consulta: /c4a 72251139
[18/4/2026, 5:06:36 p. m.] [SEARCH_QUERY] Admin: 80848497983529@lid -> Target: DeluxePeru_bot | Info: Consulta: /facial
[18/4/2026, 5:10:13 p. m.] [SEARCH_QUERY] Admin: 127389451428075@lid -> Target: DeluxePeru_bot | Info: Consulta: /facial
[18/4/2026, 5:11:44 p. m.] [SEARCH_QUERY] Admin: 127389451428075@lid -> Target: DeluxePeru_bot | Info: Consulta: /dni 73015789
[18/4/2026, 5:16:00 p. m.] [SEARCH_QUERY] Admin: 214555812708371@lid -> Target: DeluxePeru_bot | Info: Consulta: /dni 73015789
[18/4/2026, 5:17:25 p. m.] [SEARCH_QUERY] Admin: 127389451428075@lid -> Target: DeluxePeru_bot | Info: Consulta: /facial
